$ terraform plan -no-color -out=tfplan
data.aws_availability_zones.available: Reading...
data.aws_ami.ubuntu: Reading...
data.aws_availability_zones.available: Read complete after 0s [id=ap-south-1]
data.aws_ami.ubuntu: Read complete after 0s [id=ami-1e749f67]

Terraform used the selected providers to generate the following execution
plan. Resource actions are indicated with the following symbols:
  + create

Terraform will perform the following actions:

  # aws_iam_instance_profile.ec2 will be created
  + resource "aws_iam_instance_profile" "ec2" {
      + arn         = (known after apply)
      + create_date = (known after apply)
      + id          = (known after apply)
      + name        = "session19-cloud-tf-dev-ec2-profile"
      + name_prefix = (known after apply)
      + path        = "/"
      + role        = "session19-cloud-tf-dev-ec2-role"
      + tags_all    = {
          + "Env"       = "dev"
          + "ManagedBy" = "Terraform"
          + "Owner"     = "Parth Dagia"
          + "Project"   = "session19-cloud-tf"
        }
      + unique_id   = (known after apply)
    }

  # aws_iam_role.ec2 will be created
  + resource "aws_iam_role" "ec2" {
      + arn                   = (known after apply)
      + assume_role_policy    = jsonencode(
            {
              + Statement = [
                  + {
                      + Action    = "sts:AssumeRole"
                      + Effect    = "Allow"
                      + Principal = {
                          + Service = "ec2.amazonaws.com"
                        }
                    },
                ]
              + Version   = "2012-10-17"
            }
        )
      + create_date           = (known after apply)
      + force_detach_policies = false
      + id                    = (known after apply)
      + managed_policy_arns   = (known after apply)
      + max_session_duration  = 3600
      + name                  = "session19-cloud-tf-dev-ec2-role"
      + name_prefix           = (known after apply)
      + path                  = "/"
      + tags_all              = {
          + "Env"       = "dev"
          + "ManagedBy" = "Terraform"
          + "Owner"     = "Parth Dagia"
          + "Project"   = "session19-cloud-tf"
        }
      + unique_id             = (known after apply)

      + inline_policy (known after apply)
    }

  # aws_iam_role_policy.s3_read will be created
  + resource "aws_iam_role_policy" "s3_read" {
      + id          = (known after apply)
      + name        = "read-assets-bucket"
      + name_prefix = (known after apply)
      + policy      = (known after apply)
      + role        = (known after apply)
    }

  # aws_instance.web will be created
  + resource "aws_instance" "web" {
      + ami                                  = "ami-1e749f67"
      + arn                                  = (known after apply)
      + associate_public_ip_address          = (known after apply)
      + availability_zone                    = (known after apply)
      + disable_api_stop                     = (known after apply)
      + disable_api_termination              = (known after apply)
      + ebs_optimized                        = (known after apply)
      + enable_primary_ipv6                  = (known after apply)
      + force_destroy                        = false
      + get_password_data                    = false
      + host_id                              = (known after apply)
      + host_resource_group_arn              = (known after apply)
      + iam_instance_profile                 = "session19-cloud-tf-dev-ec2-profile"
      + id                                   = (known after apply)
      + instance_initiated_shutdown_behavior = (known after apply)
      + instance_lifecycle                   = (known after apply)
      + instance_state                       = (known after apply)
      + instance_type                        = "t3.micro"
      + ipv6_address_count                   = (known after apply)
      + ipv6_addresses                       = (known after apply)
      + key_name                             = (known after apply)
      + monitoring                           = (known after apply)
      + outpost_arn                          = (known after apply)
      + password_data                        = (known after apply)
      + placement_group                      = (known after apply)
      + placement_group_id                   = (known after apply)
      + placement_partition_number           = (known after apply)
      + primary_network_interface_id         = (known after apply)
      + private_dns                          = (known after apply)
      + private_ip                           = (known after apply)
      + public_dns                           = (known after apply)
      + public_ip                            = (known after apply)
      + region                               = "ap-south-1"
      + secondary_private_ips                = (known after apply)
      + security_groups                      = (known after apply)
      + source_dest_check                    = true
      + spot_instance_request_id             = (known after apply)
      + subnet_id                            = (known after apply)
      + tags                                 = {
          + "Name" = "session19-cloud-tf-dev-web"
        }
      + tags_all                             = {
          + "Env"       = "dev"
          + "ManagedBy" = "Terraform"
          + "Name"      = "session19-cloud-tf-dev-web"
          + "Owner"     = "Parth Dagia"
          + "Project"   = "session19-cloud-tf"
        }
      + tenancy                              = (known after apply)
      + user_data                            = (known after apply)
      + user_data_base64                     = (known after apply)
      + user_data_replace_on_change          = false
      + vpc_security_group_ids               = (known after apply)

      + capacity_reservation_specification (known after apply)

      + cpu_options (known after apply)

      + ebs_block_device (known after apply)

      + enclave_options (known after apply)

      + ephemeral_block_device (known after apply)

      + instance_market_options (known after apply)

      + maintenance_options (known after apply)

      + metadata_options {
          + http_endpoint               = "enabled"
          + http_protocol_ipv6          = "disabled"
          + http_put_response_hop_limit = (known after apply)
          + http_tokens                 = "required"
          + instance_metadata_tags      = (known after apply)
        }

      + network_interface (known after apply)

      + primary_network_interface (known after apply)

      + private_dns_name_options (known after apply)

      + root_block_device {
          + delete_on_termination = true
          + device_name           = (known after apply)
          + encrypted             = true
          + iops                  = (known after apply)
          + kms_key_id            = (known after apply)
          + tags_all              = (known after apply)
          + throughput            = (known after apply)
          + volume_id             = (known after apply)
          + volume_size           = 8
          + volume_type           = "gp3"
        }

      + secondary_network_interface (known after apply)
    }

  # aws_internet_gateway.main will be created
  + resource "aws_internet_gateway" "main" {
      + arn      = (known after apply)
      + id       = (known after apply)
      + owner_id = (known after apply)
      + region   = "ap-south-1"
      + tags     = {
          + "Name" = "session19-cloud-tf-dev-igw"
        }
      + tags_all = {
          + "Env"       = "dev"
          + "ManagedBy" = "Terraform"
          + "Name"      = "session19-cloud-tf-dev-igw"
          + "Owner"     = "Parth Dagia"
          + "Project"   = "session19-cloud-tf"
        }
      + vpc_id   = (known after apply)
    }

  # aws_route_table.public will be created
  + resource "aws_route_table" "public" {
      + arn              = (known after apply)
      + id               = (known after apply)
      + owner_id         = (known after apply)
      + propagating_vgws = (known after apply)
      + region           = "ap-south-1"
      + route            = [
          + {
              + cidr_block                 = "0.0.0.0/0"
              + gateway_id                 = (known after apply)
                # (12 unchanged attributes hidden)
            },
        ]
      + tags             = {
          + "Name" = "session19-cloud-tf-dev-public-rt"
        }
      + tags_all         = {
          + "Env"       = "dev"
          + "ManagedBy" = "Terraform"
          + "Name"      = "session19-cloud-tf-dev-public-rt"
          + "Owner"     = "Parth Dagia"
          + "Project"   = "session19-cloud-tf"
        }
      + vpc_id           = (known after apply)
    }

  # aws_route_table_association.public will be created
  + resource "aws_route_table_association" "public" {
      + id             = (known after apply)
      + region         = "ap-south-1"
      + route_table_id = (known after apply)
      + subnet_id      = (known after apply)
    }

  # aws_s3_bucket.assets will be created
  + resource "aws_s3_bucket" "assets" {
      + acceleration_status         = (known after apply)
      + acl                         = (known after apply)
      + arn                         = (known after apply)
      + bucket                      = (known after apply)
      + bucket_domain_name          = (known after apply)
      + bucket_namespace            = (known after apply)
      + bucket_prefix               = (known after apply)
      + bucket_region               = (known after apply)
      + bucket_regional_domain_name = (known after apply)
      + force_destroy               = true
      + hosted_zone_id              = (known after apply)
      + id                          = (known after apply)
      + object_lock_enabled         = (known after apply)
      + policy                      = (known after apply)
      + region                      = "ap-south-1"
      + request_payer               = (known after apply)
      + tags                        = {
          + "Name" = "session19-cloud-tf-dev-assets"
        }
      + tags_all                    = {
          + "Env"       = "dev"
          + "ManagedBy" = "Terraform"
          + "Name"      = "session19-cloud-tf-dev-assets"
          + "Owner"     = "Parth Dagia"
          + "Project"   = "session19-cloud-tf"
        }
      + website_domain              = (known after apply)
      + website_endpoint            = (known after apply)

      + cors_rule (known after apply)

      + grant (known after apply)

      + lifecycle_rule (known after apply)

      + logging (known after apply)

      + object_lock_configuration (known after apply)

      + replication_configuration (known after apply)

      + server_side_encryption_configuration (known after apply)

      + versioning (known after apply)

      + website (known after apply)
    }

  # aws_s3_bucket_public_access_block.assets will be created
  + resource "aws_s3_bucket_public_access_block" "assets" {
      + block_public_acls       = true
      + block_public_policy     = true
      + bucket                  = (known after apply)
      + id                      = (known after apply)
      + ignore_public_acls      = true
      + region                  = "ap-south-1"
      + restrict_public_buckets = true
    }

  # aws_s3_bucket_server_side_encryption_configuration.assets will be created
  + resource "aws_s3_bucket_server_side_encryption_configuration" "assets" {
      + bucket = (known after apply)
      + id     = (known after apply)
      + region = "ap-south-1"

      + rule {
          + blocked_encryption_types = (known after apply)
          + bucket_key_enabled       = (known after apply)

          + apply_server_side_encryption_by_default {
              + kms_master_key_id = (known after apply)
              + sse_algorithm     = "AES256"
            }
        }
    }

  # aws_s3_bucket_versioning.assets will be created
  + resource "aws_s3_bucket_versioning" "assets" {
      + bucket = (known after apply)
      + id     = (known after apply)
      + region = "ap-south-1"

      + versioning_configuration {
          + mfa_delete = (known after apply)
          + status     = "Enabled"
        }
    }

  # aws_s3_object.index will be created
  + resource "aws_s3_object" "index" {
      + acl                    = (known after apply)
      + arn                    = (known after apply)
      + bucket                 = (known after apply)
      + bucket_key_enabled     = (known after apply)
      + checksum_crc32         = (known after apply)
      + checksum_crc32c        = (known after apply)
      + checksum_crc64nvme     = (known after apply)
      + checksum_sha1          = (known after apply)
      + checksum_sha256        = (known after apply)
      + content                = <<-EOT
            <h1>Session 19: Cloud &amp; Terraform in Action</h1>
            <p>Served by EC2 in 10.0.1.0/24, page pulled from S3. Parth Dagia (24BCS10414)</p>
        EOT
      + content_type           = "text/html"
      + etag                   = (known after apply)
      + force_destroy          = false
      + id                     = (known after apply)
      + key                    = "site/index.html"
      + kms_key_id             = (known after apply)
      + region                 = "ap-south-1"
      + server_side_encryption = (known after apply)
      + storage_class          = (known after apply)
      + tags_all               = {
          + "Env"       = "dev"
          + "ManagedBy" = "Terraform"
          + "Owner"     = "Parth Dagia"
          + "Project"   = "session19-cloud-tf"
        }
      + version_id             = (known after apply)
    }

  # aws_security_group.web will be created
  + resource "aws_security_group" "web" {
      + arn                    = (known after apply)
      + description            = "HTTP from anywhere, SSH only from my IP, all egress"
      + egress                 = (known after apply)
      + id                     = (known after apply)
      + ingress                = (known after apply)
      + name                   = "session19-cloud-tf-dev-web-sg"
      + name_prefix            = (known after apply)
      + owner_id               = (known after apply)
      + region                 = "ap-south-1"
      + revoke_rules_on_delete = false
      + tags                   = {
          + "Name" = "session19-cloud-tf-dev-web-sg"
        }
      + tags_all               = {
          + "Env"       = "dev"
          + "ManagedBy" = "Terraform"
          + "Name"      = "session19-cloud-tf-dev-web-sg"
          + "Owner"     = "Parth Dagia"
          + "Project"   = "session19-cloud-tf"
        }
      + vpc_id                 = (known after apply)
    }

  # aws_subnet.public will be created
  + resource "aws_subnet" "public" {
      + arn                                            = (known after apply)
      + assign_ipv6_address_on_creation                = false
      + availability_zone                              = "ap-south-1a"
      + availability_zone_id                           = (known after apply)
      + cidr_block                                     = "10.0.1.0/24"
      + enable_dns64                                   = false
      + enable_resource_name_dns_a_record_on_launch    = false
      + enable_resource_name_dns_aaaa_record_on_launch = false
      + id                                             = (known after apply)
      + ipv6_cidr_block                                = (known after apply)
      + ipv6_cidr_block_association_id                 = (known after apply)
      + ipv6_native                                    = false
      + map_public_ip_on_launch                        = true
      + owner_id                                       = (known after apply)
      + private_dns_hostname_type_on_launch            = (known after apply)
      + region                                         = "ap-south-1"
      + tags                                           = {
          + "Name" = "session19-cloud-tf-dev-public-subnet"
        }
      + tags_all                                       = {
          + "Env"       = "dev"
          + "ManagedBy" = "Terraform"
          + "Name"      = "session19-cloud-tf-dev-public-subnet"
          + "Owner"     = "Parth Dagia"
          + "Project"   = "session19-cloud-tf"
        }
      + vpc_id                                         = (known after apply)
    }

  # aws_vpc.main will be created
  + resource "aws_vpc" "main" {
      + arn                                  = (known after apply)
      + cidr_block                           = "10.0.0.0/16"
      + default_network_acl_id               = (known after apply)
      + default_route_table_id               = (known after apply)
      + default_security_group_id            = (known after apply)
      + dhcp_options_id                      = (known after apply)
      + enable_dns_hostnames                 = true
      + enable_dns_support                   = true
      + enable_network_address_usage_metrics = (known after apply)
      + id                                   = (known after apply)
      + instance_tenancy                     = "default"
      + ipv6_association_id                  = (known after apply)
      + ipv6_cidr_block                      = (known after apply)
      + ipv6_cidr_block_network_border_group = (known after apply)
      + main_route_table_id                  = (known after apply)
      + owner_id                             = (known after apply)
      + region                               = "ap-south-1"
      + tags                                 = {
          + "Name" = "session19-cloud-tf-dev-vpc"
        }
      + tags_all                             = {
          + "Env"       = "dev"
          + "ManagedBy" = "Terraform"
          + "Name"      = "session19-cloud-tf-dev-vpc"
          + "Owner"     = "Parth Dagia"
          + "Project"   = "session19-cloud-tf"
        }
    }

  # aws_vpc_security_group_egress_rule.all will be created
  + resource "aws_vpc_security_group_egress_rule" "all" {
      + arn                    = (known after apply)
      + cidr_ipv4              = "0.0.0.0/0"
      + description            = "All outbound"
      + id                     = (known after apply)
      + ip_protocol            = "-1"
      + region                 = "ap-south-1"
      + security_group_id      = (known after apply)
      + security_group_rule_id = (known after apply)
      + tags_all               = {
          + "Env"       = "dev"
          + "ManagedBy" = "Terraform"
          + "Owner"     = "Parth Dagia"
          + "Project"   = "session19-cloud-tf"
        }
    }

  # aws_vpc_security_group_ingress_rule.http will be created
  + resource "aws_vpc_security_group_ingress_rule" "http" {
      + arn                    = (known after apply)
      + cidr_ipv4              = "0.0.0.0/0"
      + description            = "HTTP"
      + from_port              = 80
      + id                     = (known after apply)
      + ip_protocol            = "tcp"
      + region                 = "ap-south-1"
      + security_group_id      = (known after apply)
      + security_group_rule_id = (known after apply)
      + tags_all               = {
          + "Env"       = "dev"
          + "ManagedBy" = "Terraform"
          + "Owner"     = "Parth Dagia"
          + "Project"   = "session19-cloud-tf"
        }
      + to_port                = 80
    }

  # aws_vpc_security_group_ingress_rule.ssh will be created
  + resource "aws_vpc_security_group_ingress_rule" "ssh" {
      + arn                    = (known after apply)
      + cidr_ipv4              = "203.0.113.10/32"
      + description            = "SSH from admin IP"
      + from_port              = 22
      + id                     = (known after apply)
      + ip_protocol            = "tcp"
      + region                 = "ap-south-1"
      + security_group_id      = (known after apply)
      + security_group_rule_id = (known after apply)
      + tags_all               = {
          + "Env"       = "dev"
          + "ManagedBy" = "Terraform"
          + "Owner"     = "Parth Dagia"
          + "Project"   = "session19-cloud-tf"
        }
      + to_port                = 22
    }

  # random_id.suffix will be created
  + resource "random_id" "suffix" {
      + b64_std     = (known after apply)
      + b64_url     = (known after apply)
      + byte_length = 4
      + dec         = (known after apply)
      + hex         = (known after apply)
      + id          = (known after apply)
    }

Plan: 19 to add, 0 to change, 0 to destroy.

Changes to Outputs:
  + ami_id             = "ami-1e749f67"
  + availability_zone  = "ap-south-1a"
  + bucket_arn         = (known after apply)
  + bucket_name        = (known after apply)
  + instance_id        = (known after apply)
  + instance_public_ip = (known after apply)
  + public_subnet_id   = (known after apply)
  + security_group_id  = (known after apply)
  + vpc_id             = (known after apply)
  + website_url        = (known after apply)

─────────────────────────────────────────────────────────────────────────────

Saved the plan to: tfplan

To perform exactly these actions, run the following command to apply:
    terraform apply "tfplan"
[exit code 0]
