$ terraform apply -no-color tfplan
random_id.suffix: Creating...
random_id.suffix: Creation complete after 0s [id=oG-8Vw]
aws_iam_role.ec2: Creating...
aws_vpc.main: Creating...
aws_s3_bucket.assets: Creating...
aws_iam_role.ec2: Creation complete after 0s [id=session19-cloud-tf-dev-ec2-role]
aws_iam_instance_profile.ec2: Creating...
aws_vpc.main: Creation complete after 0s [id=vpc-5fa447bc340b3a57e]
aws_internet_gateway.main: Creating...
aws_subnet.public: Creating...
aws_security_group.web: Creating...
aws_s3_bucket.assets: Creation complete after 0s [id=parth-s19-assets-dev-a06fbc57]
aws_s3_bucket_versioning.assets: Creating...
aws_iam_role_policy.s3_read: Creating...
aws_s3_bucket_public_access_block.assets: Creating...
aws_s3_bucket_server_side_encryption_configuration.assets: Creating...
aws_s3_object.index: Creating...
aws_internet_gateway.main: Creation complete after 0s [id=igw-f3a8ee5b013cdc3f5]
aws_s3_bucket_server_side_encryption_configuration.assets: Creation complete after 0s [id=parth-s19-assets-dev-a06fbc57]
aws_route_table.public: Creating...
aws_s3_object.index: Creation complete after 0s [id=parth-s19-assets-dev-a06fbc57/site/index.html]
aws_s3_bucket_public_access_block.assets: Creation complete after 0s [id=parth-s19-assets-dev-a06fbc57]
aws_iam_role_policy.s3_read: Creation complete after 0s [id=session19-cloud-tf-dev-ec2-role:read-assets-bucket]
aws_security_group.web: Creation complete after 0s [id=sg-9617f05a855df0bfb]
aws_vpc_security_group_egress_rule.all: Creating...
aws_vpc_security_group_ingress_rule.ssh: Creating...
aws_vpc_security_group_ingress_rule.http: Creating...
aws_vpc_security_group_egress_rule.all: Creation complete after 0s [id=sgr-fb29386f7da312a69]
aws_vpc_security_group_ingress_rule.http: Creation complete after 0s [id=sgr-fbb7f73f20a7efd7f]
aws_route_table.public: Creation complete after 0s [id=rtb-5f416dfe008c74ecd]
aws_vpc_security_group_ingress_rule.ssh: Creation complete after 0s [id=sgr-1eb355e18859e55c4]
aws_s3_bucket_versioning.assets: Creation complete after 1s [id=parth-s19-assets-dev-a06fbc57]
aws_iam_instance_profile.ec2: Creation complete after 5s [id=session19-cloud-tf-dev-ec2-profile]
aws_subnet.public: Still creating... [00m10s elapsed]
aws_subnet.public: Creation complete after 10s [id=subnet-247acf240e16e7e91]
aws_route_table_association.public: Creating...
aws_route_table_association.public: Creation complete after 0s [id=rtbassoc-464c5a6eb58cf332b]
aws_instance.web: Creating...
aws_instance.web: Still creating... [00m10s elapsed]
aws_instance.web: Creation complete after 10s [id=i-01a3b942f708b1b1c]

Apply complete! Resources: 19 added, 0 changed, 0 destroyed.

Outputs:

ami_id = "ami-1e749f67"
availability_zone = "ap-south-1a"
bucket_arn = "arn:aws:s3:::parth-s19-assets-dev-a06fbc57"
bucket_name = "parth-s19-assets-dev-a06fbc57"
instance_id = "i-01a3b942f708b1b1c"
instance_public_ip = "54.214.118.96"
public_subnet_id = "subnet-247acf240e16e7e91"
security_group_id = "sg-9617f05a855df0bfb"
vpc_id = "vpc-5fa447bc340b3a57e"
website_url = "http://54.214.118.96"
[exit code 0]
