$ terraform graph | grep -- "->"   # resource dependency edges (cleaned)
aws_iam_instance_profile.ec2 -> aws_iam_role.ec2;
aws_iam_role_policy.s3_read -> aws_iam_role.ec2;
aws_iam_role_policy.s3_read -> aws_s3_bucket.assets;
aws_instance.web -> aws_iam_instance_profile.ec2;
aws_instance.web -> aws_iam_role_policy.s3_read;
aws_instance.web -> aws_route_table_association.public;
aws_instance.web -> aws_s3_object.index;
aws_instance.web -> aws_security_group.web;
aws_instance.web -> data.aws_ami.ubuntu;
aws_internet_gateway.main -> aws_vpc.main;
aws_route_table.public -> aws_internet_gateway.main;
aws_route_table_association.public -> aws_route_table.public;
aws_route_table_association.public -> aws_subnet.public;
aws_s3_bucket.assets -> random_id.suffix;
aws_s3_bucket_public_access_block.assets -> aws_s3_bucket.assets;
aws_s3_bucket_server_side_encryption_configuration.assets -> aws_s3_bucket.assets;
aws_s3_bucket_versioning.assets -> aws_s3_bucket.assets;
aws_s3_object.index -> aws_s3_bucket.assets;
aws_security_group.web -> aws_vpc.main;
aws_subnet.public -> aws_vpc.main;
aws_subnet.public -> data.aws_availability_zones.available;
aws_vpc_security_group_egress_rule.all -> aws_security_group.web;
aws_vpc_security_group_ingress_rule.http -> aws_security_group.web;
aws_vpc_security_group_ingress_rule.ssh -> aws_security_group.web;
