$ kubectl create namespace helm-lab
namespace/helm-lab created
$ helm install web myapp -n helm-lab --wait
NAME: web
LAST DEPLOYED: Wed Oct  7 03:19:18 2026
NAMESPACE: helm-lab
STATUS: deployed
REVISION: 1
DESCRIPTION: Install complete
NOTES:
1. Get the application URL by running these commands:
  export POD_NAME=$(kubectl get pods --namespace helm-lab -l "app.kubernetes.io/name=myapp,app.kubernetes.io/instance=web" -o jsonpath="{.items[0].metadata.name}")
  export CONTAINER_PORT=$(kubectl get pod --namespace helm-lab $POD_NAME -o jsonpath="{.spec.containers[0].ports[0].containerPort}")
  echo "Visit http://127.0.0.1:8080 to use your application"
  kubectl --namespace helm-lab port-forward $POD_NAME 8080:$CONTAINER_PORT
$ kubectl get all -n helm-lab
NAME                             READY   STATUS    RESTARTS   AGE
pod/web-myapp-6765fffd56-27dg8   1/1     Running   0          1s

NAME                TYPE        CLUSTER-IP      EXTERNAL-IP   PORT(S)   AGE
service/web-myapp   ClusterIP   10.96.180.177   <none>        80/TCP    1s

NAME                        READY   UP-TO-DATE   AVAILABLE   AGE
deployment.apps/web-myapp   1/1     1            1           1s

NAME                                   DESIRED   CURRENT   READY   AGE
replicaset.apps/web-myapp-6765fffd56   1         1         1       1s
