$ helm status web -n helm-lab
NAME: web
LAST DEPLOYED: Wed Oct  7 03:19:18 2026
NAMESPACE: helm-lab
STATUS: deployed
REVISION: 1
DESCRIPTION: Install complete
RESOURCES:
==> v1/ServiceAccount
NAME        AGE
web-myapp   1s

==> v1/Service
NAME        TYPE        CLUSTER-IP      EXTERNAL-IP   PORT(S)   AGE
web-myapp   ClusterIP   10.96.180.177   <none>        80/TCP    1s

==> v1/Deployment
NAME        READY   UP-TO-DATE   AVAILABLE   AGE
web-myapp   1/1     1            1           1s

==> v1/Pod(related)
NAME                         READY   STATUS    RESTARTS   AGE
web-myapp-6765fffd56-27dg8   1/1     Running   0          1s


NOTES:
1. Get the application URL by running these commands:
  export POD_NAME=$(kubectl get pods --namespace helm-lab -l "app.kubernetes.io/name=myapp,app.kubernetes.io/instance=web" -o jsonpath="{.items[0].metadata.name}")
  export CONTAINER_PORT=$(kubectl get pod --namespace helm-lab $POD_NAME -o jsonpath="{.spec.containers[0].ports[0].containerPort}")
  echo "Visit http://127.0.0.1:8080 to use your application"
  kubectl --namespace helm-lab port-forward $POD_NAME 8080:$CONTAINER_PORT
