$ helm search repo nginx | head -8
NAME                                            CHART VERSION   APP VERSION DESCRIPTION                                       
bitnami/nginx                                   25.2.1          1.31.6      NGINX Open Source is a web server that can be a...
bitnami/nginx-ingress-controller                12.0.7          1.13.1      NGINX Ingress Controller is an Ingress controll...
bitnami/nginx-intel                             2.1.15          0.4.9       DEPRECATED NGINX Open Source for Intel is a lig...
prometheus-community/prometheus-nginx-exporter  1.23.1          1.5.3       A Helm chart for NGINX Prometheus Exporter        
$ helm search repo bitnami/nginx --versions | head -6
NAME                                CHART VERSION   APP VERSION DESCRIPTION                                       
bitnami/nginx                       25.2.1          1.31.6      NGINX Open Source is a web server that can be a...
bitnami/nginx                       25.2.0          1.31.6      NGINX Open Source is a web server that can be a...
bitnami/nginx                       25.1.15         1.31.6      NGINX Open Source is a web server that can be a...
bitnami/nginx                       25.1.14         1.31.6      NGINX Open Source is a web server that can be a...
bitnami/nginx                       25.1.13         1.31.6      NGINX Open Source is a web server that can be a...
$ helm search hub nginx --max-col-width 50 | head -8
URL                                                 CHART VERSION   APP VERSION                                         DESCRIPTION                                       
https://artifacthub.io/packages/helm/cloudpirat...  0.16.12         1.31.6                                              Nginx is a high-performance HTTP server and rev...
https://artifacthub.io/packages/helm/quench-ngi...  0.0.15          1.30.5                                              High-performance web server, reverse proxy, and...
https://artifacthub.io/packages/helm/krakazyabr...  1.0.0           1.19.0                                              Nginx Helm chart for Kubernetes                   
https://artifacthub.io/packages/helm/dhinesh/nginx  25.2.1          1.31.6                                              NGINX Open Source is a web server that can be a...
https://artifacthub.io/packages/helm/bitnami/nginx  25.2.1          1.31.6                                              NGINX Open Source is a web server that can be a...
https://artifacthub.io/packages/helm/niceos/nginx   1.31.1+niceos.2 1.31.1                                              Bitnami-compatible NGINX Helm chart for NiceOS    
https://artifacthub.io/packages/helm/bitnami-ak...  13.2.12         1.23.2                                              NGINX Open Source is a web server that can be a...
$ helm show chart bitnami/nginx | head -15
annotations:
  fips: "true"
  images: |
    - name: git
      version: 2.56.0
      image: registry-1.docker.io/bitnami/git:latest
    - name: nginx
      version: 1.31.6
      image: registry-1.docker.io/bitnami/nginx:latest
    - name: nginx-exporter
      version: 1.5.3
      image: registry-1.docker.io/bitnami/nginx-exporter:latest
  licenses: Apache-2.0
  tanzuCategory: clusterUtility
apiVersion: v2
