$ kubectl get deploy shop-myapp -n helm-rollback -o jsonpath='{.spec.replicas} replicas, image={.spec.template.spec.containers[0].image}{"\n"}'
2 replicas, image=nginx:1.26
$ kubectl get pods -n helm-rollback
NAME                          READY   STATUS      RESTARTS   AGE
shop-myapp-59b57b487-mrrdq    1/1     Running     0          1s
shop-myapp-59b57b487-xrq2c    1/1     Running     0          2s
shop-myapp-59b9d469b8-5sp72   0/1     Completed   0          3s
shop-myapp-59b9d469b8-jjd9v   0/1     Completed   0          5s
$ helm get values shop -n helm-rollback
USER-SUPPLIED VALUES:
image:
  tag: "1.26"
replicaCount: 2
$ helm history shop -n helm-rollback
REVISION    UPDATED                     STATUS      CHART       APP VERSION DESCRIPTION     
1           Wed Oct  7 03:19:49 2026    superseded  myapp-0.1.0 1.16.0      Install complete
2           Wed Oct  7 03:20:05 2026    superseded  myapp-0.1.0 1.16.0      Upgrade complete
3           Wed Oct  7 03:20:25 2026    superseded  myapp-0.1.0 1.16.0      Upgrade complete
4           Wed Oct  7 03:20:28 2026    deployed    myapp-0.1.0 1.16.0      Rollback to 2   
$ kubectl rollout history deploy/shop-myapp -n helm-rollback
deployment.apps/shop-myapp 
REVISION  CHANGE-CAUSE
1         <none>
3         <none>
4         <none>

