$ terraform plan -no-color -out=s3.tfplan

Terraform used the selected providers to generate the following execution
plan. Resource actions are indicated with the following symbols:
  + create

Terraform will perform the following actions:

  # aws_s3_bucket.demo will be created
  + resource "aws_s3_bucket" "demo" {
      + acceleration_status         = (known after apply)
      + acl                         = (known after apply)
      + arn                         = (known after apply)
      + bucket                      = (known after apply)
      + bucket_domain_name          = (known after apply)
      + bucket_namespace            = (known after apply)
      + bucket_prefix               = (known after apply)
      + bucket_region               = (known after apply)
      + bucket_regional_domain_name = (known after apply)
      + force_destroy               = true
      + hosted_zone_id              = (known after apply)
      + id                          = (known after apply)
      + object_lock_enabled         = (known after apply)
      + policy                      = (known after apply)
      + region                      = "ap-south-1"
      + request_payer               = (known after apply)
      + tags                        = (known after apply)
      + tags_all                    = (known after apply)
      + website_domain              = (known after apply)
      + website_endpoint            = (known after apply)

      + cors_rule (known after apply)

      + grant (known after apply)

      + lifecycle_rule (known after apply)

      + logging (known after apply)

      + object_lock_configuration (known after apply)

      + replication_configuration (known after apply)

      + server_side_encryption_configuration (known after apply)

      + versioning (known after apply)

      + website (known after apply)
    }

  # aws_s3_bucket_public_access_block.demo will be created
  + resource "aws_s3_bucket_public_access_block" "demo" {
      + block_public_acls       = true
      + block_public_policy     = true
      + bucket                  = (known after apply)
      + id                      = (known after apply)
      + ignore_public_acls      = true
      + region                  = "ap-south-1"
      + restrict_public_buckets = true
    }

  # aws_s3_bucket_server_side_encryption_configuration.demo will be created
  + resource "aws_s3_bucket_server_side_encryption_configuration" "demo" {
      + bucket = (known after apply)
      + id     = (known after apply)
      + region = "ap-south-1"

      + rule {
          + blocked_encryption_types = (known after apply)
          + bucket_key_enabled       = (known after apply)

          + apply_server_side_encryption_by_default {
              + kms_master_key_id = (known after apply)
              + sse_algorithm     = "AES256"
            }
        }
    }

  # aws_s3_bucket_versioning.demo will be created
  + resource "aws_s3_bucket_versioning" "demo" {
      + bucket = (known after apply)
      + id     = (known after apply)
      + region = "ap-south-1"

      + versioning_configuration {
          + mfa_delete = (known after apply)
          + status     = "Enabled"
        }
    }

  # aws_s3_object.hello will be created
  + resource "aws_s3_object" "hello" {
      + acl                    = (known after apply)
      + arn                    = (known after apply)
      + bucket                 = (known after apply)
      + bucket_key_enabled     = (known after apply)
      + checksum_crc32         = (known after apply)
      + checksum_crc32c        = (known after apply)
      + checksum_crc64nvme     = (known after apply)
      + checksum_sha1          = (known after apply)
      + checksum_sha256        = (known after apply)
      + content                = <<-EOT
            Hello from Terraform! Session 18, Parth Dagia (24BCS10414)
        EOT
      + content_type           = "text/plain"
      + etag                   = (known after apply)
      + force_destroy          = false
      + id                     = (known after apply)
      + key                    = "hello.txt"
      + kms_key_id             = (known after apply)
      + region                 = "ap-south-1"
      + server_side_encryption = (known after apply)
      + storage_class          = (known after apply)
      + tags_all               = {
          + "Env"       = "dev"
          + "ManagedBy" = "Terraform"
          + "Owner"     = "Parth Dagia"
          + "Project"   = "session18-terraform"
        }
      + version_id             = (known after apply)
    }

  # random_id.suffix will be created
  + resource "random_id" "suffix" {
      + b64_std     = (known after apply)
      + b64_url     = (known after apply)
      + byte_length = 4
      + dec         = (known after apply)
      + hex         = (known after apply)
      + id          = (known after apply)
    }

Plan: 6 to add, 0 to change, 0 to destroy.

Changes to Outputs:
  + bucket_arn        = (known after apply)
  + bucket_name       = (known after apply)
  + bucket_region     = "ap-south-1"
  + sample_object_key = "hello.txt"
  + versioning_status = "Enabled"
[exit code 0]
