$ terraform apply -no-color s3.tfplan
random_id.suffix: Creating...
random_id.suffix: Creation complete after 0s [id=LKWT4w]
aws_s3_bucket.demo: Creating...
aws_s3_bucket.demo: Creation complete after 0s [id=parth-tf-demo-dev-2ca593e3]
aws_s3_bucket_public_access_block.demo: Creating...
aws_s3_bucket_versioning.demo: Creating...
aws_s3_bucket_server_side_encryption_configuration.demo: Creating...
aws_s3_bucket_server_side_encryption_configuration.demo: Creation complete after 0s [id=parth-tf-demo-dev-2ca593e3]
aws_s3_bucket_public_access_block.demo: Creation complete after 0s [id=parth-tf-demo-dev-2ca593e3]
aws_s3_bucket_versioning.demo: Creation complete after 2s [id=parth-tf-demo-dev-2ca593e3]
aws_s3_object.hello: Creating...
aws_s3_object.hello: Creation complete after 0s [id=parth-tf-demo-dev-2ca593e3/hello.txt]

Apply complete! Resources: 6 added, 0 changed, 0 destroyed.

Outputs:

bucket_arn = "arn:aws:s3:::parth-tf-demo-dev-2ca593e3"
bucket_name = "parth-tf-demo-dev-2ca593e3"
bucket_region = "ap-south-1"
sample_object_key = "hello.txt"
versioning_status = "Enabled"
[exit code 0]
