$ terraform state list
aws_s3_bucket.demo
aws_s3_bucket_public_access_block.demo
aws_s3_bucket_server_side_encryption_configuration.demo
aws_s3_bucket_versioning.demo
aws_s3_object.hello
random_id.suffix
$ curl -s http://localhost:4566/parth-tf-demo-dev-2ca593e3/hello.txt
Hello from Terraform! Session 18, Parth Dagia (24BCS10414)
$ curl -s 'http://localhost:4566/parth-tf-demo-dev-2ca593e3?versioning'

<VersioningConfiguration xmlns="http://s3.amazonaws.com/doc/2006-03-01/"><Status>Enabled</Status></VersioningConfiguration>

$ curl -s 'http://localhost:4566/parth-tf-demo-dev-2ca593e3?encryption'

<ServerSideEncryptionConfiguration xmlns="http://s3.amazonaws.com/doc/2006-03-01/"><Rule><ApplyServerSideEncryptionByDefault><SSEAlgorithm>AES256</SSEAlgorithm></ApplyServerSideEncryptionByDefault><BucketKeyEnabled>false</BucketKeyEnabled></Rule></ServerSideEncryptionConfiguration>

$ curl -s 'http://localhost:4566/parth-tf-demo-dev-2ca593e3?tagging'

<Tagging xmlns="http://s3.amazonaws.com/doc/2006-03-01/"><TagSet><Tag><Key>Owner</Key><Value>Parth Dagia</Value></Tag><Tag><Key>Project</Key><Value>session18-terraform</Value></Tag><Tag><Key>Env</Key><Value>dev</Value></Tag><Tag><Key>Name</Key><Value>parth-tf-demo-dev-2ca593e3</Value></Tag><Tag><Key>ManagedBy</Key><Value>Terraform</Value></Tag></TagSet></Tagging>

$ curl -s 'http://localhost:4566/parth-tf-demo-dev-2ca593e3?publicAccessBlock'

<PublicAccessBlockConfiguration xmlns="http://s3.amazonaws.com/doc/2006-03-01/"><BlockPublicAcls>true</BlockPublicAcls><IgnorePublicAcls>true</IgnorePublicAcls><BlockPublicPolicy>true</BlockPublicPolicy><RestrictPublicBuckets>true</RestrictPublicBuckets></PublicAccessBlockConfiguration>

$ terraform plan -detailed-exitcode -no-color   # second plan: should be no changes

Terraform has compared your real infrastructure against your configuration
and found no differences, so no changes are needed.
[exit code 0]
