$ docker build --build-arg APP_VERSION=8ea4a16 -t notes-api:8ea4a16 . 2>&1 | grep -E '^#[0-9]+ \[|naming to|DONE [0-9.]+s$' | grep -v sha256 | tail -20
#1 DONE 0.0s
#2 [auth] library/python:pull token for registry-1.docker.io
#2 DONE 0.0s
#3 [internal] load metadata for docker.io/library/python:3.12-slim
#3 DONE 1.4s
#4 [internal] load .dockerignore
#4 DONE 0.0s
#5 [internal] load build context
#5 DONE 0.0s
#6 DONE 0.0s
#7 [builder 3/4] COPY requirements.txt .
#8 [builder 4/4] RUN pip install --no-cache-dir -r requirements.txt     && pip uninstall -y pip
#9 [stage-1 2/6] RUN apt-get update     && apt-get upgrade -y --no-install-recommends     && rm -rf /var/lib/apt/lists/*     && python -m pip uninstall -y pip
#10 [stage-1 3/6] RUN groupadd --gid 10001 app     && useradd --uid 10001 --gid app --no-create-home --shell /usr/sbin/nologin app
#11 [builder 2/4] RUN python -m venv /opt/venv
#12 [stage-1 5/6] COPY --from=builder /opt/venv /opt/venv
#13 [stage-1 4/6] WORKDIR /app
#14 [stage-1 6/6] COPY --chown=root:root app/ app/
#15 naming to docker.io/library/notes-api:8ea4a16 done
#15 DONE 0.0s
$ docker run -d --name notes --read-only --tmpfs /tmp -p 8088:8080 notes-api:8ea4a16 >/dev/null && sleep 3 && curl -s localhost:8088/health; echo
{"status":"ok","version":"8ea4a16"}

$ curl -s -X POST localhost:8088/notes -H 'Content-Type: application/json' -d '{"title":"local"}'; echo
{"body":"","id":1,"title":"local"}

$ docker exec notes id
uid=10001(app) gid=10001(app) groups=10001(app)
$ docker exec notes sh -c 'pip --version' || true
sh: 1: pip: not found
$ docker ps --filter name=notes --format 'table {{.Names}}	{{.Image}}	{{.Status}}'
NAMES     IMAGE               STATUS
notes     notes-api:8ea4a16   Up 3 seconds (health: starting)
$ docker image ls notes-api:8ea4a16
IMAGE               ID             DISK USAGE   CONTENT SIZE   EXTRA
notes-api:8ea4a16   0135c158e7e4        213MB         45.7MB   U    
