$ docker run --rm -v /var/run/docker.sock:/var/run/docker.sock -v "$PWD":/src -w /src aquasec/trivy:0.75.0 image --quiet notes-api:8ea4a16

Report Summary

┌─────────────────────────────────────────────────────────────────────────────┬────────────┬─────────────────┬─────────┐
│                                   Target                                    │    Type    │ Vulnerabilities │ Secrets │
├─────────────────────────────────────────────────────────────────────────────┼────────────┼─────────────────┼─────────┤
│ notes-api:8ea4a16 (debian 13.7)                                             │   debian   │        0        │    -    │
├─────────────────────────────────────────────────────────────────────────────┼────────────┼─────────────────┼─────────┤
│ opt/venv/lib/python3.12/site-packages/blinker-1.9.0.dist-info/METADATA      │ python-pkg │        0        │    -    │
├─────────────────────────────────────────────────────────────────────────────┼────────────┼─────────────────┼─────────┤
│ opt/venv/lib/python3.12/site-packages/click-8.5.0.dist-info/METADATA        │ python-pkg │        0        │    -    │
├─────────────────────────────────────────────────────────────────────────────┼────────────┼─────────────────┼─────────┤
│ opt/venv/lib/python3.12/site-packages/flask-3.1.3.dist-info/METADATA        │ python-pkg │        0        │    -    │
├─────────────────────────────────────────────────────────────────────────────┼────────────┼─────────────────┼─────────┤
│ opt/venv/lib/python3.12/site-packages/gunicorn-23.0.0.dist-info/METADATA    │ python-pkg │        0        │    -    │
├─────────────────────────────────────────────────────────────────────────────┼────────────┼─────────────────┼─────────┤
│ opt/venv/lib/python3.12/site-packages/itsdangerous-2.2.0.dist-info/METADATA │ python-pkg │        0        │    -    │
├─────────────────────────────────────────────────────────────────────────────┼────────────┼─────────────────┼─────────┤
│ opt/venv/lib/python3.12/site-packages/jinja2-3.1.6.dist-info/METADATA       │ python-pkg │        0        │    -    │
├─────────────────────────────────────────────────────────────────────────────┼────────────┼─────────────────┼─────────┤
│ opt/venv/lib/python3.12/site-packages/markupsafe-3.0.4.dist-info/METADATA   │ python-pkg │        0        │    -    │
├─────────────────────────────────────────────────────────────────────────────┼────────────┼─────────────────┼─────────┤
│ opt/venv/lib/python3.12/site-packages/packaging-26.3.dist-info/METADATA     │ python-pkg │        0        │    -    │
├─────────────────────────────────────────────────────────────────────────────┼────────────┼─────────────────┼─────────┤
│ opt/venv/lib/python3.12/site-packages/werkzeug-3.1.9.dist-info/METADATA     │ python-pkg │        0        │    -    │
└─────────────────────────────────────────────────────────────────────────────┴────────────┴─────────────────┴─────────┘
Legend:
- '-': Not scanned
- '0': Clean (no security findings detected)

