$ git log --oneline -3
db217cf Remove settings (oops)
6834736 Add settings
8ea4a16 Add DevSecOps pipeline, remove pip from runtime image, dependabot
$ ls app/settings.py
ls: app/settings.py: No such file or directory
$ gitleaks git --config .gitleaks.toml --redact -v .

    ○
    │╲
    │ ○
    ○ ░
    ░    gitleaks

10:37PM INF Unknown SCM platform. Use --platform to include links in findings. host=
Finding:     DB_PASSWORD = "REDACTED"
Secret:      REDACTED
RuleID:      generic-hardcoded-credential
Entropy:     3.879664
File:        app/settings.py
Line:        5
Commit:      6834736b71c620753b5ba89b4670c58bfe6eaf49
Author:      parthdagia05
Email:       parth.24bcs10414@sst.scaler.com
Date:        2026-10-06T22:37:36Z
Fingerprint: 6834736b71c620753b5ba89b4670c58bfe6eaf49:app/settings.py:generic-hardcoded-credential:5

Finding:     GITHUB_TOKEN = "REDACTED
Secret:      REDACTED
RuleID:      github-pat
Entropy:     4.834184
File:        app/settings.py
Line:        4
Commit:      6834736b71c620753b5ba89b4670c58bfe6eaf49
Author:      parthdagia05
Email:       parth.24bcs10414@sst.scaler.com
Date:        2026-10-06T22:37:36Z
Fingerprint: 6834736b71c620753b5ba89b4670c58bfe6eaf49:app/settings.py:github-pat:4

10:37PM INF 3 commits scanned.
10:37PM INF scanned ~45093 bytes (45.09 KB) in 47.6ms
10:37PM WRN leaks found: 2
exit code: 1
